CREATE EXTENSION ddlx;
\pset tuples_only
\dx ddlx
 ddlx | 0.21    | public | DDL eXtractor functions

